
Gurobi 12.0.1 (linux64, gurobi_cl) logging started Fri Dec  5 17:51:45 2025

Set parameter Username
Set parameter LicenseID to value 2623470
Set parameter LogFile to value "gurobi.log"
Using license file /home/mdomenec/gurobi.lic
Academic license - for non-commercial use only - expires 2026-02-18

Gurobi 12.0.1 (linux64, gurobi_cl) logging started Fri Dec  5 17:53:09 2025

Set parameter Username
Set parameter LicenseID to value 2623470
Set parameter LogFile to value "gurobi.log"
Using license file /home/mdomenec/gurobi.lic
Academic license - for non-commercial use only - expires 2026-02-18

Gurobi 13.0.0 (linux64, gurobi_cl) logging started Fri Dec  5 17:55:36 2025

Set parameter Username
Set parameter LicenseID to value 2623470
Set parameter LogFile to value "gurobi.log"
Using license file /home/mdomenec/gurobi.lic

Gurobi 12.0.3 (linux64, gurobi_cl) logging started Fri Dec  5 17:58:04 2025

Set parameter Username
Set parameter LicenseID to value 2623470
Set parameter LogFile to value "gurobi.log"
Using license file /home/mdomenec/gurobi.lic
Academic license - for non-commercial use only - expires 2026-02-18

Gurobi 12.0.3 (linux64, gurobi_cl) logging started Fri Dec  5 17:59:24 2025

Set parameter Username
Set parameter LicenseID to value 2623470
Set parameter LogFile to value "gurobi.log"
Using license file /home/mdomenec/gurobi.lic
Academic license - for non-commercial use only - expires 2026-02-18

Gurobi 12.0.3 (linux64, gurobi_cl) logging started Fri Dec  5 18:12:56 2025


Gurobi 12.0.3 (linux64, gurobi_cl) logging started Fri Dec  5 18:12:56 2025

Set parameter Username
Set parameter LicenseID to value 2623470
Set parameter LogFile to value "gurobi.log"
Using license file /home/mdomenec/gurobi.lic
Academic license - for non-commercial use only - expires 2026-02-18
Set parameter Username
Set parameter LicenseID to value 2623470
Set parameter LogFile to value "gurobi.log"
Using license file /home/mdomenec/gurobi.lic

Gurobi 12.0.3 (linux64, gurobi_cl) logging started Fri Dec  5 18:12:56 2025

Academic license - for non-commercial use only - expires 2026-02-18
Set parameter Username
Set parameter LicenseID to value 2623470
Set parameter LogFile to value "gurobi.log"
Using license file /home/mdomenec/gurobi.lic

Gurobi 12.0.3 (linux64, gurobi_cl) logging started Fri Dec  5 18:12:56 2025

Academic license - for non-commercial use only - expires 2026-02-18
Set parameter Username
Set parameter LicenseID to value 2623470
Set parameter LogFile to value "gurobi.log"
Using license file /home/mdomenec/gurobi.lic
Academic license - for non-commercial use only - expires 2026-02-18

Gurobi 12.0.3 (linux64, gurobi_cl) logging started Fri Dec  5 18:12:56 2025

Set parameter Username
Set parameter LicenseID to value 2623470
Set parameter LogFile to value "gurobi.log"
Using license file /home/mdomenec/gurobi.lic
Academic license - for non-commercial use only - expires 2026-02-18

Gurobi 12.0.3 (linux64, gurobi_cl) logging started Fri Dec  5 18:12:56 2025

Set parameter Username
Set parameter LicenseID to value 2623470
Set parameter LogFile to value "gurobi.log"
Using license file /home/mdomenec/gurobi.lic
Academic license - for non-commercial use only - expires 2026-02-18

Gurobi 12.0.3 (linux64, gurobi_cl) logging started Fri Dec  5 18:12:56 2025

Set parameter Username
Set parameter LicenseID to value 2623470
Set parameter LogFile to value "gurobi.log"
Using license file /home/mdomenec/gurobi.lic
Academic license - for non-commercial use only - expires 2026-02-18

Gurobi 12.0.3 (linux64, gurobi_cl) logging started Fri Dec  5 18:12:56 2025

Set parameter Username
Set parameter LicenseID to value 2623470
Set parameter LogFile to value "gurobi.log"
Using license file /home/mdomenec/gurobi.lic
Academic license - for non-commercial use only - expires 2026-02-18

Gurobi 12.0.3 (linux64, gurobi_cl) logging started Fri Dec  5 18:12:56 2025

Set parameter Username
Set parameter LicenseID to value 2623470
Set parameter LogFile to value "gurobi.log"
Using license file /home/mdomenec/gurobi.lic
Academic license - for non-commercial use only - expires 2026-02-18

Gurobi 12.0.3 (linux64, gurobi_cl) logging started Fri Dec  5 18:12:56 2025

Set parameter Username
Set parameter LicenseID to value 2623470
Set parameter LogFile to value "gurobi.log"
Using license file /home/mdomenec/gurobi.lic
Academic license - for non-commercial use only - expires 2026-02-18

Gurobi 12.0.3 (linux64, gurobi_cl) logging started Fri Dec  5 18:12:56 2025

Set parameter Username
Set parameter LicenseID to value 2623470
Set parameter LogFile to value "gurobi.log"
Using license file /home/mdomenec/gurobi.lic

Gurobi 12.0.3 (linux64, gurobi_cl) logging started Fri Dec  5 18:12:56 2025

Set parameter Username
Set parameter LicenseID to value 2623470
Set parameter LogFile to value "gurobi.log"
Using license file /home/mdomenec/gurobi.lic
Academic license - for non-commercial use only - expires 2026-02-18
Academic license - for non-commercial use only - expires 2026-02-18

Gurobi 12.0.3 (linux64, gurobi_cl) logging started Fri Dec  5 18:12:56 2025

Set parameter Username
Set parameter LicenseID to value 2623470
Set parameter LogFile to value "gurobi.log"
Using license file /home/mdomenec/gurobi.lic
Academic license - for non-commercial use only - expires 2026-02-18

Gurobi 12.0.3 (linux64, gurobi_cl) logging started Fri Dec  5 18:12:56 2025

Set parameter Username
Set parameter LicenseID to value 2623470
Set parameter LogFile to value "gurobi.log"
Using license file /home/mdomenec/gurobi.lic

Gurobi 12.0.3 (linux64, gurobi_cl) logging started Fri Dec  5 18:12:56 2025

Academic license - for non-commercial use only - expires 2026-02-18
Set parameter Username
Set parameter LicenseID to value 2623470
Set parameter LogFile to value "gurobi.log"
Using license file /home/mdomenec/gurobi.lic
Academic license - for non-commercial use only - expires 2026-02-18

Gurobi 12.0.3 (linux64, gurobi_cl) logging started Fri Dec  5 18:12:56 2025

Set parameter Username
Set parameter LicenseID to value 2623470
Set parameter LogFile to value "gurobi.log"
Using license file /home/mdomenec/gurobi.lic
Academic license - for non-commercial use only - expires 2026-02-18

Gurobi 12.0.3 (linux64, gurobi_cl) logging started Fri Dec  5 18:12:56 2025

Set parameter Username
Set parameter LicenseID to value 2623470
Set parameter LogFile to value "gurobi.log"
Using license file /home/mdomenec/gurobi.lic
Academic license - for non-commercial use only - expires 2026-02-18

Gurobi 12.0.3 (linux64, gurobi_cl) logging started Fri Dec  5 18:12:56 2025

Set parameter Username
Set parameter LicenseID to value 2623470
Set parameter LogFile to value "gurobi.log"
Using license file /home/mdomenec/gurobi.lic
Academic license - for non-commercial use only - expires 2026-02-18

Gurobi 12.0.3 (linux64, gurobi_cl) logging started Fri Dec  5 18:12:56 2025

Set parameter Username
Set parameter LicenseID to value 2623470
Set parameter LogFile to value "gurobi.log"
Using license file /home/mdomenec/gurobi.lic

Gurobi 12.0.3 (linux64, gurobi_cl) logging started Fri Dec  5 18:12:56 2025


Gurobi 12.0.3 (linux64, gurobi_cl) logging started Fri Dec  5 18:12:56 2025

Set parameter Username
Set parameter Username
Set parameter LicenseID to value 2623470
Set parameter LogFile to value "gurobi.log"
Using license file /home/mdomenec/gurobi.lic
Academic license - for non-commercial use only - expires 2026-02-18
Academic license - for non-commercial use only - expires 2026-02-18

Gurobi 12.0.3 (linux64, gurobi_cl) logging started Fri Dec  5 18:12:56 2025

Set parameter Username
Set parameter LicenseID to value 2623470
Set parameter LogFile to value "gurobi.log"
Using license file /home/mdomenec/gurobi.lic

Gurobi 12.0.3 (linux64, gurobi_cl) logging started Fri Dec  5 18:12:56 2025

Set parameter LicenseID to value 2623470
Set parameter LogFile to value "gurobi.log"
Using license file /home/mdomenec/gurobi.lic
Academic license - for non-commercial use only - expires 2026-02-18
Set parameter Username
Set parameter LicenseID to value 2623470
Set parameter LogFile to value "gurobi.log"
Using license file /home/mdomenec/gurobi.lic

Gurobi 12.0.3 (linux64, gurobi_cl) logging started Fri Dec  5 18:12:56 2025

Academic license - for non-commercial use only - expires 2026-02-18
Set parameter Username
Set parameter LicenseID to value 2623470
Set parameter LogFile to value "gurobi.log"
Using license file /home/mdomenec/gurobi.lic
Academic license - for non-commercial use only - expires 2026-02-18
Academic license - for non-commercial use only - expires 2026-02-18

Gurobi 12.0.3 (linux64, gurobi_cl) logging started Fri Dec  5 18:12:56 2025

Set parameter Username
Set parameter LicenseID to value 2623470
Set parameter LogFile to value "gurobi.log"
Using license file /home/mdomenec/gurobi.lic
Academic license - for non-commercial use only - expires 2026-02-18

Gurobi 12.0.3 (linux64, gurobi_cl) logging started Fri Dec  5 18:12:56 2025

Set parameter Username
Set parameter LicenseID to value 2623470
Set parameter LogFile to value "gurobi.log"
Using license file /home/mdomenec/gurobi.lic
Academic license - for non-commercial use only - expires 2026-02-18

Gurobi 12.0.3 (linux64, gurobi_cl) logging started Fri Dec  5 18:12:56 2025

Set parameter Username
Set parameter LicenseID to value 2623470
Set parameter LogFile to value "gurobi.log"
Using license file /home/mdomenec/gurobi.lic

Gurobi 12.0.3 (linux64, gurobi_cl) logging started Fri Dec  5 18:12:56 2025


Gurobi 12.0.3 (linux64, gurobi_cl) logging started Fri Dec  5 18:12:56 2025


Gurobi 12.0.3 (linux64, gurobi_cl) logging started Fri Dec  5 18:12:56 2025

Set parameter Username
Set parameter LicenseID to value 2623470
Set parameter LogFile to value "gurobi.log"
Using license file /home/mdomenec/gurobi.lic
Academic license - for non-commercial use only - expires 2026-02-18
Set parameter Username
Set parameter LicenseID to value 2623470
Set parameter LogFile to value "gurobi.log"
Using license file /home/mdomenec/gurobi.lic
Set parameter Username
Set parameter LicenseID to value 2623470
Set parameter LogFile to value "gurobi.log"
Using license file /home/mdomenec/gurobi.lic

Gurobi 12.0.3 (linux64, gurobi_cl) logging started Fri Dec  5 18:12:56 2025


Gurobi 12.0.3 (linux64, gurobi_cl) logging started Fri Dec  5 18:12:56 2025

Set parameter Username
Set parameter LicenseID to value 2623470
Set parameter LogFile to value "gurobi.log"
Using license file /home/mdomenec/gurobi.lic
Set parameter Username
Set parameter LicenseID to value 2623470
Set parameter LogFile to value "gurobi.log"
Using license file /home/mdomenec/gurobi.lic
Academic license - for non-commercial use only - expires 2026-02-18
Academic license - for non-commercial use only - expires 2026-02-18
Academic license - for non-commercial use only - expires 2026-02-18
Academic license - for non-commercial use only - expires 2026-02-18
Academic license - for non-commercial use only - expires 2026-02-18

Gurobi 12.0.3 (linux64, gurobi_cl) logging started Fri Dec  5 18:12:56 2025

Set parameter Username
Set parameter LicenseID to value 2623470
Set parameter LogFile to value "gurobi.log"
Using license file /home/mdomenec/gurobi.lic
Academic license - for non-commercial use only - expires 2026-02-18

Gurobi 12.0.3 (linux64, gurobi_cl) logging started Fri Dec  5 18:12:56 2025

Set parameter Username
Set parameter LicenseID to value 2623470
Set parameter LogFile to value "gurobi.log"
Using license file /home/mdomenec/gurobi.lic
Academic license - for non-commercial use only - expires 2026-02-18

Gurobi 12.0.3 (linux64, gurobi_cl) logging started Fri Dec  5 18:12:56 2025

Set parameter Username
Set parameter LicenseID to value 2623470
Set parameter LogFile to value "gurobi.log"
Using license file /home/mdomenec/gurobi.lic
Academic license - for non-commercial use only - expires 2026-02-18

Gurobi 12.0.3 (linux64, gurobi_cl) logging started Fri Dec  5 18:12:56 2025

Set parameter Username
Set parameter LicenseID to value 2623470
Set parameter LogFile to value "gurobi.log"
Using license file /home/mdomenec/gurobi.lic
Academic license - for non-commercial use only - expires 2026-02-18

Gurobi 12.0.3 (linux64, gurobi_cl) logging started Fri Dec  5 18:26:12 2025

Set parameter Username
Set parameter LicenseID to value 2623470
Set parameter LogFile to value "gurobi.log"
Using license file /home/mdomenec/gurobi.lic
Academic license - for non-commercial use only - expires 2026-02-18

Gurobi 12.0.3 (linux64, gurobi_cl) logging started Fri Dec  5 18:27:52 2025

Set parameter Username
Set parameter LicenseID to value 2623470
Set parameter LogFile to value "gurobi.log"
Using license file /home/mdomenec/gurobi.lic
Academic license - for non-commercial use only - expires 2026-02-18

Gurobi 12.0.3 (linux64, gurobi_cl) logging started Fri Dec  5 18:30:30 2025

Set parameter Username
Set parameter LicenseID to value 2623470
Set parameter LogFile to value "gurobi.log"
Using license file /home/mdomenec/gurobi.lic
Academic license - for non-commercial use only - expires 2026-02-18

Gurobi 12.0.3 (linux64, gurobi_cl) logging started Fri Dec  5 18:31:00 2025

Set parameter Username
Set parameter LicenseID to value 2623470
Set parameter LogFile to value "gurobi.log"
Using license file /home/mdomenec/gurobi.lic
Academic license - for non-commercial use only - expires 2026-02-18

Gurobi 12.0.3 (linux64, gurobi_cl) logging started Fri Dec  5 18:31:22 2025

Set parameter Username
Set parameter LicenseID to value 2623470
Set parameter LogFile to value "gurobi.log"
Using license file /home/mdomenec/gurobi.lic
Academic license - for non-commercial use only - expires 2026-02-18

Gurobi 12.0.3 (linux64, gurobi_cl) logging started Fri Dec  5 18:39:26 2025

Set parameter Username
Set parameter LicenseID to value 2623470
Set parameter LogFile to value "gurobi.log"
Using license file /home/mdomenec/gurobi.lic
Academic license - for non-commercial use only - expires 2026-02-18

Gurobi 12.0.3 (linux64, gurobi_cl) logging started Fri Dec  5 18:43:42 2025

Set parameter Username
Set parameter LicenseID to value 2623470
Set parameter LogFile to value "gurobi.log"
Using license file /home/mdomenec/gurobi.lic
Academic license - for non-commercial use only - expires 2026-02-18

Gurobi 12.0.3 (linux64, gurobi_cl) logging started Fri Dec  5 18:44:40 2025

Set parameter Username
Set parameter LicenseID to value 2623470
Set parameter LogFile to value "gurobi.log"
Using license file /home/mdomenec/gurobi.lic
Academic license - for non-commercial use only - expires 2026-02-18

Gurobi 12.0.3 (linux64, gurobi_cl) logging started Fri Dec  5 18:47:43 2025

Set parameter Username
Set parameter LicenseID to value 2623470
Set parameter LogFile to value "gurobi.log"
Using license file /home/mdomenec/gurobi.lic
Academic license - for non-commercial use only - expires 2026-02-18

Gurobi 12.0.3 (linux64, gurobi_cl) logging started Fri Dec  5 19:06:12 2025

Set parameter Username
Set parameter LicenseID to value 2623470
Set parameter LogFile to value "gurobi.log"
Using license file /home/mdomenec/gurobi.lic
Academic license - for non-commercial use only - expires 2026-02-18

Gurobi 12.0.3 (linux64, gurobi_cl) logging started Fri Dec  5 19:13:10 2025

Set parameter Username
Set parameter LicenseID to value 2623470
Set parameter LogFile to value "gurobi.log"
Using license file /home/mdomenec/gurobi.lic
Academic license - for non-commercial use only - expires 2026-02-18

Gurobi 12.0.3 (linux64, gurobi_cl) logging started Fri Dec  5 19:14:14 2025

Set parameter Username
Set parameter LicenseID to value 2623470
Set parameter LogFile to value "gurobi.log"
Using license file /home/mdomenec/gurobi.lic
Academic license - for non-commercial use only - expires 2026-02-18

Gurobi 12.0.3 (linux64, gurobi_cl) logging started Fri Dec  5 19:16:26 2025

Set parameter Username
Set parameter LicenseID to value 2623470
Set parameter LogFile to value "gurobi.log"
Using license file /home/mdomenec/gurobi.lic
Academic license - for non-commercial use only - expires 2026-02-18

Gurobi 12.0.3 (linux64, gurobi_cl) logging started Fri Dec  5 19:18:23 2025

Set parameter Username
Set parameter LicenseID to value 2623470
Set parameter LogFile to value "gurobi.log"
Using license file /home/mdomenec/gurobi.lic
Academic license - for non-commercial use only - expires 2026-02-18

Gurobi 12.0.3 (linux64, gurobi_cl) logging started Fri Dec  5 19:19:02 2025

Set parameter Username
Set parameter LicenseID to value 2623470
Set parameter LogFile to value "gurobi.log"
Using license file /home/mdomenec/gurobi.lic
Academic license - for non-commercial use only - expires 2026-02-18

Gurobi 12.0.3 (linux64, gurobi_cl) logging started Fri Dec  5 19:22:46 2025

Set parameter Username
Set parameter LicenseID to value 2623470
Set parameter LogFile to value "gurobi.log"
Using license file /home/mdomenec/gurobi.lic
Academic license - for non-commercial use only - expires 2026-02-18

Gurobi 12.0.1 (linux64, gurobi_cl) logging started Mon Dec  8 16:02:08 2025

Set parameter Username
Set parameter LicenseID to value 2623470
Set parameter LogFile to value "gurobi.log"
Using license file /home/mdomenec/gurobi.lic
Academic license - for non-commercial use only - expires 2026-02-18

Gurobi 12.0.1 (linux64, gurobi_cl) logging started Mon Dec  8 16:02:23 2025

Set parameter Username
Set parameter LicenseID to value 2623470
Set parameter LogFile to value "gurobi.log"
Using license file /home/mdomenec/gurobi.lic
Academic license - for non-commercial use only - expires 2026-02-18

Gurobi 12.0.1 (linux64, gurobi_cl) logging started Mon Dec  8 16:02:27 2025

Set parameter Username
Set parameter LicenseID to value 2623470
Set parameter LogFile to value "gurobi.log"
Using license file /home/mdomenec/gurobi.lic
Academic license - for non-commercial use only - expires 2026-02-18

Gurobi 12.0.1 (linux64, gurobi_cl) logging started Mon Dec  8 16:04:22 2025

Set parameter Username
Set parameter LicenseID to value 2623470
Set parameter LogFile to value "gurobi.log"
Using license file /home/mdomenec/gurobi.lic
Academic license - for non-commercial use only - expires 2026-02-18

Gurobi 12.0.1 (linux64, gurobi_cl) logging started Mon Dec  8 16:04:36 2025

Set parameter Username
Set parameter LicenseID to value 2623470
Set parameter LogFile to value "gurobi.log"
Using license file /home/mdomenec/gurobi.lic
Academic license - for non-commercial use only - expires 2026-02-18

Gurobi 12.0.3 (linux64, gurobi_cl) logging started Mon Dec  8 16:06:15 2025

Set parameter Username
Set parameter LicenseID to value 2623470
Set parameter LogFile to value "gurobi.log"
Using license file /home/mdomenec/gurobi.lic
Academic license - for non-commercial use only - expires 2026-02-18

Gurobi 12.0.3 (linux64, gurobi_cl) logging started Mon Dec  8 16:06:52 2025

Set parameter Username
Set parameter LicenseID to value 2623470
Set parameter LogFile to value "gurobi.log"
Using license file /home/mdomenec/gurobi.lic
Academic license - for non-commercial use only - expires 2026-02-18

Gurobi 12.0.3 (linux64, gurobi_cl) logging started Mon Dec  8 16:06:55 2025

Set parameter Username
Set parameter LicenseID to value 2623470
Set parameter LogFile to value "gurobi.log"
Using license file /home/mdomenec/gurobi.lic
Academic license - for non-commercial use only - expires 2026-02-18

Gurobi 12.0.3 (linux64, gurobi_cl) logging started Wed Dec 10 16:45:56 2025

Set parameter Username
Set parameter LicenseID to value 2623470
Set parameter LogFile to value "gurobi.log"
Using license file /home/mdomenec/gurobi.lic
Academic license - for non-commercial use only - expires 2026-02-18

Gurobi 12.0.3 (linux64, gurobi_cl) logging started Wed Dec 10 16:46:01 2025

Set parameter Username
Set parameter LicenseID to value 2623470
Set parameter LogFile to value "gurobi.log"
Using license file /home/mdomenec/gurobi.lic
Academic license - for non-commercial use only - expires 2026-02-18
